
> backend@1.0.0 test
> mocha

Γùç injected env (0) from .env // tip: Γùê encrypted .env [www.dotenvx.com]


  Notes Routes Integration Tests
    Notes Service Integration
[01:05:05.103] [32mINFO[39m (24852): [36mCreating new note[39m
    [35muserId[39m: "6a10b6f06fa3ff53131ef075"
    [35mtitle[39m: "New"
[01:05:05.106] [32mINFO[39m (24852): [36mNote created successfully[39m
    [35muserId[39m: "6a10b6f06fa3ff53131ef075"
    [35mnoteId[39m: "6a10b6f16fa3ff53131ef077"
[01:05:05.108] [32mINFO[39m (24852): [36mFetching all notes for user[39m
    [35muserId[39m: "6a10b6f06fa3ff53131ef075"
    [35mpage[39m: 1
    [35mlimit[39m: 10
    [35msearch[39m: ""
[01:05:05.124] [32mINFO[39m (24852): [36mNotes fetched successfully[39m
    [35muserId[39m: "6a10b6f06fa3ff53131ef075"
    [35mcount[39m: 2
[01:05:05.124] [32mINFO[39m (24852): [36mFetching single note[39m
    [35muserId[39m: "6a10b6f06fa3ff53131ef075"
    [35mnoteId[39m: "6a10b6f16fa3ff53131ef077"
[01:05:05.127] [32mINFO[39m (24852): [36mNote fetched successfully[39m
    [35muserId[39m: "6a10b6f06fa3ff53131ef075"
    [35mnoteId[39m: "6a10b6f16fa3ff53131ef077"
[01:05:05.128] [32mINFO[39m (24852): [36mUpdating note[39m
    [35muserId[39m: "6a10b6f06fa3ff53131ef075"
    [35mnoteId[39m: "6a10b6f16fa3ff53131ef077"
[01:05:05.136] [32mINFO[39m (24852): [36mNote updated successfully[39m
    [35muserId[39m: "6a10b6f06fa3ff53131ef075"
    [35mnoteId[39m: "6a10b6f16fa3ff53131ef077"
[01:05:05.136] [32mINFO[39m (24852): [36mDeleting note[39m
    [35muserId[39m: "6a10b6f06fa3ff53131ef075"
    [35mnoteId[39m: "6a10b6f16fa3ff53131ef077"
[01:05:05.140] [32mINFO[39m (24852): [36mNote deleted successfully[39m
    [35muserId[39m: "6a10b6f06fa3ff53131ef075"
    [35mnoteId[39m: "6a10b6f16fa3ff53131ef077"
[01:05:05.140] [32mINFO[39m (24852): [36mFetching single note[39m
    [35muserId[39m: "6a10b6f06fa3ff53131ef075"
    [35mnoteId[39m: "6a10b6f16fa3ff53131ef077"
      Γ£ö should create, retrieve, update, and delete notes (40ms)
[01:05:05.142] [33mWARN[39m (24852): [36mNote not found[39m
    [35muserId[39m: "6a10b6f06fa3ff53131ef075"
    [35mnoteId[39m: "6a10b6f16fa3ff53131ef077"
[01:05:05.571] [32mINFO[39m (24852): [36mCreating new note[39m
    [35muserId[39m: "6a10b6f16fa3ff53131ef078"
    [35mtitle[39m: "Note 0"
[01:05:05.573] [32mINFO[39m (24852): [36mNote created successfully[39m
    [35muserId[39m: "6a10b6f16fa3ff53131ef078"
    [35mnoteId[39m: "6a10b6f16fa3ff53131ef07a"
[01:05:05.574] [32mINFO[39m (24852): [36mCreating new note[39m
    [35muserId[39m: "6a10b6f16fa3ff53131ef078"
    [35mtitle[39m: "Note 1"
[01:05:05.575] [32mINFO[39m (24852): [36mNote created successfully[39m
    [35muserId[39m: "6a10b6f16fa3ff53131ef078"
    [35mnoteId[39m: "6a10b6f16fa3ff53131ef07b"
[01:05:05.575] [32mINFO[39m (24852): [36mCreating new note[39m
    [35muserId[39m: "6a10b6f16fa3ff53131ef078"
    [35mtitle[39m: "Note 2"
[01:05:05.577] [32mINFO[39m (24852): [36mNote created successfully[39m
    [35muserId[39m: "6a10b6f16fa3ff53131ef078"
    [35mnoteId[39m: "6a10b6f16fa3ff53131ef07c"
[01:05:05.577] [32mINFO[39m (24852): [36mCreating new note[39m
    [35muserId[39m: "6a10b6f16fa3ff53131ef078"
    [35mtitle[39m: "Note 3"
[01:05:05.579] [32mINFO[39m (24852): [36mNote created successfully[39m
    [35muserId[39m: "6a10b6f16fa3ff53131ef078"
    [35mnoteId[39m: "6a10b6f16fa3ff53131ef07d"
[01:05:05.579] [32mINFO[39m (24852): [36mCreating new note[39m
    [35muserId[39m: "6a10b6f16fa3ff53131ef078"
    [35mtitle[39m: "Note 4"
[01:05:05.580] [32mINFO[39m (24852): [36mNote created successfully[39m
    [35muserId[39m: "6a10b6f16fa3ff53131ef078"
    [35mnoteId[39m: "6a10b6f16fa3ff53131ef07e"
[01:05:05.580] [32mINFO[39m (24852): [36mFetching all notes for user[39m
    [35muserId[39m: "6a10b6f16fa3ff53131ef078"
    [35mpage[39m: 1
    [35mlimit[39m: 3
    [35msearch[39m: ""
[01:05:05.585] [32mINFO[39m (24852): [36mNotes fetched successfully[39m
    [35muserId[39m: "6a10b6f16fa3ff53131ef078"
    [35mcount[39m: 3
[01:05:05.586] [32mINFO[39m (24852): [36mFetching all notes for user[39m
    [35muserId[39m: "6a10b6f16fa3ff53131ef078"
    [35mpage[39m: 2
    [35mlimit[39m: 3
    [35msearch[39m: ""
      Γ£ö should handle pagination correctly
[01:05:05.589] [32mINFO[39m (24852): [36mNotes fetched successfully[39m
    [35muserId[39m: "6a10b6f16fa3ff53131ef078"
    [35mcount[39m: 3
[01:05:06.010] [32mINFO[39m (24852): [36mCreating new note[39m
    [35muserId[39m: "6a10b6f16fa3ff53131ef07f"
    [35mtitle[39m: "JavaScript Basics"
[01:05:06.012] [32mINFO[39m (24852): [36mNote created successfully[39m
    [35muserId[39m: "6a10b6f16fa3ff53131ef07f"
    [35mnoteId[39m: "6a10b6f26fa3ff53131ef081"
[01:05:06.012] [32mINFO[39m (24852): [36mCreating new note[39m
    [35muserId[39m: "6a10b6f16fa3ff53131ef07f"
    [35mtitle[39m: "Python Guide"
[01:05:06.013] [32mINFO[39m (24852): [36mNote created successfully[39m
    [35muserId[39m: "6a10b6f16fa3ff53131ef07f"
    [35mnoteId[39m: "6a10b6f26fa3ff53131ef082"
[01:05:06.013] [32mINFO[39m (24852): [36mFetching all notes for user[39m
    [35muserId[39m: "6a10b6f16fa3ff53131ef07f"
    [35mpage[39m: 1
    [35mlimit[39m: 10
    [35msearch[39m: "JavaScript"
      Γ£ö should search notes by title and content
[01:05:06.018] [32mINFO[39m (24852): [36mNotes fetched successfully[39m
    [35muserId[39m: "6a10b6f16fa3ff53131ef07f"
    [35mcount[39m: 1
[01:05:06.891] [32mINFO[39m (24852): [36mFetching single note[39m
    [35muserId[39m: "6a10b6f26fa3ff53131ef085"
    [35mnoteId[39m: "6a10b6f26fa3ff53131ef084"
      Γ£ö should prevent access to other users notes (406ms)
[01:05:06.892] [33mWARN[39m (24852): [36mUnauthorized access attempt on note[39m
    [35muserId[39m: "6a10b6f26fa3ff53131ef085"
    [35mnoteId[39m: "6a10b6f26fa3ff53131ef084"
[01:05:07.348] [32mINFO[39m (24852): [36mCreating new note[39m
    [35muserId[39m: "6a10b6f26fa3ff53131ef086"
    [35mtitle[39m: "Import 1"
    [35mcategory[39m: "general"
[01:05:07.350] [32mINFO[39m (24852): [36mNote created successfully[39m
    [35muserId[39m: "6a10b6f26fa3ff53131ef086"
    [35mnoteId[39m: "6a10b6f36fa3ff53131ef088"
    [35mcategory[39m: "general"
[01:05:07.350] [32mINFO[39m (24852): [36mCreating new note[39m
    [35muserId[39m: "6a10b6f26fa3ff53131ef086"
    [35mtitle[39m: "Import 2"
    [35mcategory[39m: "task"
      Γ£ö should handle note import successfully
[01:05:07.351] [32mINFO[39m (24852): [36mNote created successfully[39m
    [35muserId[39m: "6a10b6f26fa3ff53131ef086"
    [35mnoteId[39m: "6a10b6f36fa3ff53131ef089"
    [35mcategory[39m: "task"
[01:05:07.763] [32mINFO[39m (24852): [36mFetching all notes for user[39m
    [35muserId[39m: "6a10b6f36fa3ff53131ef08a"
    [35mpage[39m: 1
    [35mlimit[39m: 100
    [35msearch[39m: ""
      Γ£ö should handle note export
[01:05:07.766] [32mINFO[39m (24852): [36mNotes fetched successfully[39m
    [35muserId[39m: "6a10b6f36fa3ff53131ef08a"
    [35mcount[39m: 1
    User Isolation
[01:05:09.026] [32mINFO[39m (24852): [36mCreating new note[39m
    [35muserId[39m: "6a10b6f46fa3ff53131ef08e"
    [35mtitle[39m: "User1 Note"
[01:05:09.027] [32mINFO[39m (24852): [36mNote created successfully[39m
    [35muserId[39m: "6a10b6f46fa3ff53131ef08e"
    [35mnoteId[39m: "6a10b6f56fa3ff53131ef090"
[01:05:09.027] [32mINFO[39m (24852): [36mCreating new note[39m
    [35muserId[39m: "6a10b6f46fa3ff53131ef08f"
    [35mtitle[39m: "User2 Note"
[01:05:09.028] [32mINFO[39m (24852): [36mNote created successfully[39m
    [35muserId[39m: "6a10b6f46fa3ff53131ef08f"
    [35mnoteId[39m: "6a10b6f56fa3ff53131ef091"
[01:05:09.028] [32mINFO[39m (24852): [36mFetching all notes for user[39m
    [35muserId[39m: "6a10b6f46fa3ff53131ef08e"
    [35mpage[39m: 1
    [35mlimit[39m: 10
    [35msearch[39m: ""
[01:05:09.032] [32mINFO[39m (24852): [36mNotes fetched successfully[39m
    [35muserId[39m: "6a10b6f46fa3ff53131ef08e"
    [35mcount[39m: 1
[01:05:09.032] [32mINFO[39m (24852): [36mFetching all notes for user[39m
    [35muserId[39m: "6a10b6f46fa3ff53131ef08f"
    [35mpage[39m: 1
    [35mlimit[39m: 10
    [35msearch[39m: ""
      Γ£ö each user should only see their own notes (852ms)
[01:05:09.035] [32mINFO[39m (24852): [36mNotes fetched successfully[39m
    [35muserId[39m: "6a10b6f46fa3ff53131ef08f"
    [35mcount[39m: 1
    Data Integrity
[01:05:09.444] [32mINFO[39m (24852): [36mCreating new note[39m
    [35muserId[39m: "6a10b6f56fa3ff53131ef092"
    [35mtitle[39m: "Original"
    [35mcategory[39m: "task"
[01:05:09.446] [32mINFO[39m (24852): [36mNote created successfully[39m
    [35muserId[39m: "6a10b6f56fa3ff53131ef092"
    [35mnoteId[39m: "6a10b6f56fa3ff53131ef094"
    [35mcategory[39m: "task"
[01:05:09.446] [32mINFO[39m (24852): [36mUpdating note[39m
    [35muserId[39m: "6a10b6f56fa3ff53131ef092"
    [35mnoteId[39m: "6a10b6f56fa3ff53131ef094"
      Γ£ö should preserve note metadata on update
[01:05:09.449] [32mINFO[39m (24852): [36mNote updated successfully[39m
    [35muserId[39m: "6a10b6f56fa3ff53131ef092"
    [35mnoteId[39m: "6a10b6f56fa3ff53131ef094"
[01:05:09.852] [32mINFO[39m (24852): [36mUpdating note[39m
    [35muserId[39m: "6a10b6f56fa3ff53131ef095"
    [35mnoteId[39m: "6a10b6f56fa3ff53131ef096"
      1) should not allow modifying userId when updating
[01:05:09.856] [32mINFO[39m (24852): [36mNote updated successfully[39m
    [35muserId[39m: "6a10b6f56fa3ff53131ef095"
    [35mnoteId[39m: "6a10b6f56fa3ff53131ef096"

  Auth Controller
    signup()
[01:05:09.918] [32mINFO[39m (24852): [36mUser registration attempt[39m
    [35memail[39m: "abdul@test.com"
      2) should return 201 with user data and token
[01:05:09.919] [33mWARN[39m (24852): [36mDNS MX lookup failed[39m
    [35memail[39m: "abdul@test.com"
    error: "queryMx ECONNREFUSED test.com"
[01:05:09.919] [33mWARN[39m (24852): [36mDNS validation inconclusive for unknown domain[39m
    [35memail[39m: "abdul@test.com"
[01:05:09.919] [33mWARN[39m (24852): [36mRegistration failed ΓÇö invalid domain or cannot receive mail[39m
    [35memail[39m: "abdul@test.com"
[01:05:09.924] [32mINFO[39m (24852): [36mUser registration attempt[39m
    [35memail[39m: "abdul@test.com"
      Γ£ö should call next with error if service throws
    loginUser()
[01:05:09.934] [33mWARN[39m (24852): [36mDNS MX lookup failed[39m
    [35memail[39m: "abdul@test.com"
    error: "queryMx ECONNREFUSED test.com"
[01:05:09.934] [33mWARN[39m (24852): [36mDNS validation inconclusive for unknown domain[39m
    [35memail[39m: "abdul@test.com"
[01:05:09.934] [33mWARN[39m (24852): [36mRegistration failed ΓÇö invalid domain or cannot receive mail[39m
    [35memail[39m: "abdul@test.com"
      3) should return 200 with user data and token
[01:05:09.937] [32mINFO[39m (24852): [36mUser login attempt[39m
    [35memail[39m: "abdul@test.com"
      Γ£ö should call next with error if service throws
    logout()
[01:05:09.942] [32mINFO[39m (24852): [36mUser login attempt[39m
    [35memail[39m: "abdul@test.com"
      Γ£ö should return 200 on logout
    getMe()
      Γ£ö should return 200 with current user data
      Γ£ö should format image URLs correctly
    sendOTPCode()
      4) should return 200 when OTP is sent
[01:05:09.950] [32mINFO[39m (24852): [36mSend OTP request[39m
    [35memail[39m: "abdul@test.com"
    [35mpurpose[39m: "verify"
      Γ£ö should call next with error if email is missing
      Γ£ö should call next with error if purpose is missing
    verifyOTPHandler()
      5) should return 200 when OTP is verified
[01:05:09.956] [32mINFO[39m (24852): [36mVerify OTP request[39m
    [35memail[39m: "abdul@test.com"
    [35mpurpose[39m: "verify"
      Γ£ö should call next with error if required fields are missing
    resetUserPassword()
      6) should return 200 when password is reset
[01:05:09.961] [32mINFO[39m (24852): [36mPassword reset request[39m
    [35memail[39m: "abdul@test.com"
      Γ£ö should call next with error if email is missing
      Γ£ö should call next with error if newPassword is missing

  Notes Controller
    createNote()
      7) should return 201 with created note
      Γ£ö should call next with error if service throws
    getAllNotes()
      Γ£ö should return 200 with notes list
      Γ£ö should use default pagination values
    getNoteById()
      Γ£ö should return 200 with note details
      Γ£ö should call next with error if note not found
    updateNote()
      8) should return 200 with updated note
      Γ£ö should call next with error if service throws
    deleteNote()
      9) should return 200 after deletion
      Γ£ö should call next with error if note not found
    exportNotes()
      Γ£ö should return 200 with exported notes file
      Γ£ö should include correct headers in export
    importNotes()
      Γ£ö should return 201 with import results
      Γ£ö should return 400 if notes array is empty
      Γ£ö should return 400 if no valid notes in import
      Γ£ö should skip duplicate noteIds and report

  Users Controller
    getProfile()
      Γ£ö should return 200 with user profile data
      Γ£ö should call next with error if service throws
    updateProfile()
      Γ£ö should return 200 with updated user data
      Γ£ö should call next with error if service throws
    deleteProfile()
      Γ£ö should return 200 after successful deletion
      Γ£ö should call next with error if service throws
    changePassword()
      Γ£ö should return 200 on successful password change
      Γ£ö should call next with 401 error when old password is wrong
      Γ£ö should call next with 404 error when user not found

  Notes DAL
    Γ£ö should create a note (54ms)
    Γ£ö should get notes by user
    Γ£ö should get note by id
    Γ£ö should update a note
    Γ£ö should delete a note

  Users DAL
    Γ£ö should create a new user (304ms)
    Γ£ö should find a user by email (305ms)
    Γ£ö should return null for non-existing email
    Γ£ö should find user by id without password (313ms)
    Γ£ö should update a user (309ms)
Deleted 0 notes for user 6a10b6f86fa3ff53131ef0a2
    Γ£ö should delete a user (310ms)

  Auth Service
    register()
[01:05:13.236] [32mINFO[39m (24852): [36mUser registration attempt[39m
    [35memail[39m: "abdul@test.com"
      10) should register a new user and return token
[01:05:13.248] [33mWARN[39m (24852): [36mDNS MX lookup failed[39m
    [35memail[39m: "abdul@test.com"
    error: "queryMx ECONNREFUSED test.com"
[01:05:13.248] [33mWARN[39m (24852): [36mDNS validation inconclusive for unknown domain[39m
    [35memail[39m: "abdul@test.com"
[01:05:13.248] [33mWARN[39m (24852): [36mRegistration failed ΓÇö invalid domain or cannot receive mail[39m
    [35memail[39m: "abdul@test.com"
[01:05:13.252] [32mINFO[39m (24852): [36mUser registration attempt[39m
    [35memail[39m: "dup@test.com"
      11) should throw 409 if email already exists
[01:05:13.263] [33mWARN[39m (24852): [36mDNS MX lookup failed[39m
    [35memail[39m: "dup@test.com"
    error: "queryMx ECONNREFUSED test.com"
[01:05:13.263] [33mWARN[39m (24852): [36mDNS validation inconclusive for unknown domain[39m
    [35memail[39m: "dup@test.com"
[01:05:13.263] [33mWARN[39m (24852): [36mRegistration failed ΓÇö invalid domain or cannot receive mail[39m
    [35memail[39m: "dup@test.com"
[01:05:13.269] [32mINFO[39m (24852): [36mUser registration attempt[39m
    [35memail[39m: "weak@test.com"
      12) should throw 400 for weak password
[01:05:13.280] [33mWARN[39m (24852): [36mDNS MX lookup failed[39m
    [35memail[39m: "weak@test.com"
    error: "queryMx ECONNREFUSED test.com"
[01:05:13.280] [33mWARN[39m (24852): [36mDNS validation inconclusive for unknown domain[39m
    [35memail[39m: "weak@test.com"
[01:05:13.280] [33mWARN[39m (24852): [36mRegistration failed ΓÇö invalid domain or cannot receive mail[39m
    [35memail[39m: "weak@test.com"
      Γ£ö should throw 400 for invalid email format
[01:05:13.292] [32mINFO[39m (24852): [36mUser registration attempt[39m
    [35memail[39m: "invalid-email"
[01:05:13.292] [33mWARN[39m (24852): [36mRegistration failed ΓÇö invalid email format[39m
    [35memail[39m: "invalid-email"
    login()
[01:05:13.298] [32mINFO[39m (24852): [36mUser registration attempt[39m
    [35memail[39m: "login@test.com"
      13) should login with correct credentials
[01:05:13.306] [33mWARN[39m (24852): [36mDNS MX lookup failed[39m
    [35memail[39m: "login@test.com"
    error: "queryMx ECONNREFUSED test.com"
[01:05:13.306] [33mWARN[39m (24852): [36mDNS validation inconclusive for unknown domain[39m
    [35memail[39m: "login@test.com"
[01:05:13.306] [33mWARN[39m (24852): [36mRegistration failed ΓÇö invalid domain or cannot receive mail[39m
    [35memail[39m: "login@test.com"
[01:05:13.308] [32mINFO[39m (24852): [36mUser registration attempt[39m
    [35memail[39m: "wrong@test.com"
      14) should throw 401 for wrong password
[01:05:13.315] [33mWARN[39m (24852): [36mDNS MX lookup failed[39m
    [35memail[39m: "wrong@test.com"
    error: "queryMx ECONNREFUSED test.com"
[01:05:13.315] [33mWARN[39m (24852): [36mDNS validation inconclusive for unknown domain[39m
    [35memail[39m: "wrong@test.com"
[01:05:13.315] [33mWARN[39m (24852): [36mRegistration failed ΓÇö invalid domain or cannot receive mail[39m
    [35memail[39m: "wrong@test.com"
[01:05:13.317] [32mINFO[39m (24852): [36mUser login attempt[39m
    [35memail[39m: "nonexistent@test.com"
      Γ£ö should throw 401 for non-existent email
[01:05:13.318] [33mWARN[39m (24852): [36mLogin failed ΓÇö email not found[39m
    [35memail[39m: "nonexistent@test.com"

  Notes Service
[01:05:14.149] [32mINFO[39m (24852): [36mCreating new note[39m
    [35muserId[39m: "6a10b6f96fa3ff53131ef0a3"
    [35mtitle[39m: "My Note"
    Γ£ö should create a note
[01:05:14.150] [32mINFO[39m (24852): [36mNote created successfully[39m
    [35muserId[39m: "6a10b6f96fa3ff53131ef0a3"
    [35mnoteId[39m: "6a10b6fa6fa3ff53131ef0a4"
[01:05:14.469] [32mINFO[39m (24852): [36mCreating new note[39m
    [35muserId[39m: "6a10b6fa6fa3ff53131ef0a5"
    [35mtitle[39m: "Note 1"
[01:05:14.470] [32mINFO[39m (24852): [36mNote created successfully[39m
    [35muserId[39m: "6a10b6fa6fa3ff53131ef0a5"
    [35mnoteId[39m: "6a10b6fa6fa3ff53131ef0a6"
[01:05:14.470] [32mINFO[39m (24852): [36mCreating new note[39m
    [35muserId[39m: "6a10b6fa6fa3ff53131ef0a5"
    [35mtitle[39m: "Note 2"
[01:05:14.471] [32mINFO[39m (24852): [36mNote created successfully[39m
    [35muserId[39m: "6a10b6fa6fa3ff53131ef0a5"
    [35mnoteId[39m: "6a10b6fa6fa3ff53131ef0a7"
[01:05:14.471] [32mINFO[39m (24852): [36mFetching all notes for user[39m
    [35muserId[39m: "6a10b6fa6fa3ff53131ef0a5"
    [35mpage[39m: 1
    [35mlimit[39m: 10
    [35msearch[39m: ""
    Γ£ö should get all notes for a user
[01:05:14.477] [32mINFO[39m (24852): [36mNotes fetched successfully[39m
    [35muserId[39m: "6a10b6fa6fa3ff53131ef0a5"
    [35mcount[39m: 2
[01:05:14.789] [32mINFO[39m (24852): [36mFetching single note[39m
    [35muserId[39m: "6a10b6fa6fa3ff53131ef0a8"
    [35mnoteId[39m: "6a10b6fa6fa3ff53131ef0a9"
    Γ£ö should throw 404 for non-existing note
[01:05:14.791] [33mWARN[39m (24852): [36mNote not found[39m
    [35muserId[39m: "6a10b6fa6fa3ff53131ef0a8"
    [35mnoteId[39m: "6a10b6fa6fa3ff53131ef0a9"
[01:05:15.103] [32mINFO[39m (24852): [36mCreating new note[39m
    [35muserId[39m: "6a10b6fa6fa3ff53131ef0aa"
    [35mtitle[39m: "Mine"
[01:05:15.104] [32mINFO[39m (24852): [36mNote created successfully[39m
    [35muserId[39m: "6a10b6fa6fa3ff53131ef0aa"
    [35mnoteId[39m: "6a10b6fb6fa3ff53131ef0ab"
[01:05:15.104] [32mINFO[39m (24852): [36mFetching single note[39m
    [35muserId[39m: "6a10b6fb6fa3ff53131ef0ac"
    [35mnoteId[39m: "6a10b6fb6fa3ff53131ef0ab"
    Γ£ö should throw 403 when accessing another users note
[01:05:15.105] [33mWARN[39m (24852): [36mUnauthorized access attempt on note[39m
    [35muserId[39m: "6a10b6fb6fa3ff53131ef0ac"
    [35mnoteId[39m: "6a10b6fb6fa3ff53131ef0ab"
[01:05:15.409] [32mINFO[39m (24852): [36mCreating new note[39m
    [35muserId[39m: "6a10b6fb6fa3ff53131ef0ad"
    [35mtitle[39m: "Delete"
[01:05:15.410] [32mINFO[39m (24852): [36mNote created successfully[39m
    [35muserId[39m: "6a10b6fb6fa3ff53131ef0ad"
    [35mnoteId[39m: "6a10b6fb6fa3ff53131ef0ae"
[01:05:15.410] [32mINFO[39m (24852): [36mDeleting note[39m
    [35muserId[39m: "6a10b6fb6fa3ff53131ef0ad"
    [35mnoteId[39m: "6a10b6fb6fa3ff53131ef0ae"
[01:05:15.412] [32mINFO[39m (24852): [36mNote deleted successfully[39m
    [35muserId[39m: "6a10b6fb6fa3ff53131ef0ad"
    [35mnoteId[39m: "6a10b6fb6fa3ff53131ef0ae"
[01:05:15.412] [32mINFO[39m (24852): [36mFetching single note[39m
    [35muserId[39m: "6a10b6fb6fa3ff53131ef0ad"
    [35mnoteId[39m: "6a10b6fb6fa3ff53131ef0ae"
    Γ£ö should delete a note
[01:05:15.413] [33mWARN[39m (24852): [36mNote not found[39m
    [35muserId[39m: "6a10b6fb6fa3ff53131ef0ad"
    [35mnoteId[39m: "6a10b6fb6fa3ff53131ef0ae"

  Users Service
[01:05:16.252] [32mINFO[39m (24852): [36mFetching user profile[39m
    [35muserId[39m: "6a10b6fb6fa3ff53131ef0af"
    Γ£ö should get user profile
[01:05:16.253] [32mINFO[39m (24852): [36mProfile fetched successfully[39m
    [35muserId[39m: "6a10b6fb6fa3ff53131ef0af"
[01:05:16.560] [32mINFO[39m (24852): [36mUpdating user profile[39m
    [35muserId[39m: "6a10b6fc6fa3ff53131ef0b0"
    [35mfields[39m: [
      "name"
    ]
    Γ£ö should update user name
[01:05:16.561] [32mINFO[39m (24852): [36mProfile updated successfully[39m
    [35muserId[39m: "6a10b6fc6fa3ff53131ef0b0"
[01:05:16.864] [32mINFO[39m (24852): [36mUpdating user profile[39m
    [35muserId[39m: "6a10b6fc6fa3ff53131ef0b1"
    [35mfields[39m: [
      "name",
      "password"
    ]
    Γ£ö should NOT update password through profile update
[01:05:16.865] [32mINFO[39m (24852): [36mProfile updated successfully[39m
    [35muserId[39m: "6a10b6fc6fa3ff53131ef0b1"
[01:05:17.172] [32mINFO[39m (24852): [36mUpdating user profile[39m
    [35muserId[39m: "6a10b6fc6fa3ff53131ef0b2"
    [35mfields[39m: [
      "name",
      "email"
    ]
    Γ£ö should NOT update email through profile update
[01:05:17.174] [32mINFO[39m (24852): [36mProfile updated successfully[39m
    [35muserId[39m: "6a10b6fc6fa3ff53131ef0b2"
[01:05:17.483] [32mINFO[39m (24852): [36mDeleting user account[39m
    [35muserId[39m: "6a10b6fd6fa3ff53131ef0b3"
Deleted 0 notes for user 6a10b6fd6fa3ff53131ef0b3
[01:05:17.486] [32mINFO[39m (24852): [36mUser account deleted successfully[39m
    [35muserId[39m: "6a10b6fd6fa3ff53131ef0b3"
[01:05:17.487] [32mINFO[39m (24852): [36mFetching user profile[39m
    [35muserId[39m: "6a10b6fd6fa3ff53131ef0b3"
    Γ£ö should delete user profile
[01:05:17.487] [33mWARN[39m (24852): [36mProfile fetch failed ΓÇö user not found[39m
    [35muserId[39m: "6a10b6fd6fa3ff53131ef0b3"
[01:05:17.797] [32mINFO[39m (24852): [36mPassword change attempt[39m
    [35muserId[39m: "6a10b6fd6fa3ff53131ef0b4"
    Γ£ö should change password successfully with correct old password (623ms)
[01:05:18.419] [32mINFO[39m (24852): [36mPassword changed successfully[39m
    [35muserId[39m: "6a10b6fd6fa3ff53131ef0b4"
[01:05:18.419] [32mINFO[39m (24852): [36mFetching user profile[39m
    [35muserId[39m: "6a10b6fd6fa3ff53131ef0b4"
[01:05:18.420] [32mINFO[39m (24852): [36mProfile fetched successfully[39m
    [35muserId[39m: "6a10b6fd6fa3ff53131ef0b4"
[01:05:18.768] [32mINFO[39m (24852): [36mPassword change attempt[39m
    [35muserId[39m: "6a10b6fe6fa3ff53131ef0b5"
    Γ£ö should throw 401 when old password is incorrect (307ms)
[01:05:19.075] [33mWARN[39m (24852): [36mPassword change failed ΓÇö old password incorrect[39m
    [35muserId[39m: "6a10b6fe6fa3ff53131ef0b5"
    15) should throw 400 when new password is weak
[01:05:19.389] [32mINFO[39m (24852): [36mPassword change attempt[39m
    [35muserId[39m: "6a10b6ff6fa3ff53131ef0b6"
[01:05:19.389] [33mWARN[39m (24852): [36mPassword change failed ΓÇö weak new password[39m
    [35muserId[39m: "6a10b6ff6fa3ff53131ef0b6"
[01:05:19.700] [32mINFO[39m (24852): [36mPassword change attempt[39m
    [35muserId[39m: "000000000000000000000000"
    Γ£ö should throw 404 when user does not exist for changePassword
[01:05:19.701] [33mWARN[39m (24852): [36mPassword change failed ΓÇö user not found[39m
    [35muserId[39m: "000000000000000000000000"
[01:05:20.015] [32mINFO[39m (24852): [36mFetching user profile[39m
    [35muserId[39m: "000000000000000000000000"
    Γ£ö should throw 404 when user does not exist for getProfile
[01:05:20.016] [33mWARN[39m (24852): [36mProfile fetch failed ΓÇö user not found[39m
    [35muserId[39m: "000000000000000000000000"
[01:05:20.327] [32mINFO[39m (24852): [36mUpdating user profile[39m
    [35muserId[39m: "000000000000000000000000"
    [35mfields[39m: [
      "name"
    ]
    Γ£ö should throw 404 when user does not exist for updateProfile
[01:05:20.329] [33mWARN[39m (24852): [36mProfile update failed ΓÇö user not found[39m
    [35muserId[39m: "000000000000000000000000"


  68 passing (16s)
  15 failing

  1) Notes Routes Integration Tests
       Data Integrity
         should not allow modifying userId when updating:

      AssertionError: expected '6a10b6f56fa3ff53131ef097' to equal '6a10b6f56fa3ff53131ef095'
      + expected - actual

      -6a10b6f56fa3ff53131ef097
      +6a10b6f56fa3ff53131ef095
      
      at Context.<anonymous> (tests\integration\notes.routes.test.js:179:44)
      at process.processTicksAndRejections (node:internal/process/task_queues:104:5)

  2) Auth Controller
       signup()
         should return 201 with user data and token:

      AssertionError: expected false to be true
      + expected - actual

      -false
      +true
      
      at Context.<anonymous> (tests\unit\controllers\auth.controller.test.js:31:47)

  3) Auth Controller
       loginUser()
         should return 200 with user data and token:

      AssertionError: expected false to be true
      + expected - actual

      -false
      +true
      
      at Context.<anonymous> (tests\unit\controllers\auth.controller.test.js:61:47)

  4) Auth Controller
       sendOTPCode()
         should return 200 when OTP is sent:

      AssertionError: expected false to be true
      + expected - actual

      -false
      +true
      
      at Context.<anonymous> (tests\unit\controllers\auth.controller.test.js:134:47)

  5) Auth Controller
       verifyOTPHandler()
         should return 200 when OTP is verified:

      AssertionError: expected false to be true
      + expected - actual

      -false
      +true
      
      at Context.<anonymous> (tests\unit\controllers\auth.controller.test.js:171:47)

  6) Auth Controller
       resetUserPassword()
         should return 200 when password is reset:

      AssertionError: expected false to be true
      + expected - actual

      -false
      +true
      
      at Context.<anonymous> (tests\unit\controllers\auth.controller.test.js:198:47)

  7) Notes Controller
       createNote()
         should return 201 with created note:

      AssertionError: expected false to be true
      + expected - actual

      -false
      +true
      
      at Context.<anonymous> (tests\unit\controllers\notes.controller.test.js:33:47)

  8) Notes Controller
       updateNote()
         should return 200 with updated note:

      AssertionError: expected false to be true
      + expected - actual

      -false
      +true
      
      at Context.<anonymous> (tests\unit\controllers\notes.controller.test.js:124:47)

  9) Notes Controller
       deleteNote()
         should return 200 after deletion:

      AssertionError: expected false to be true
      + expected - actual

      -false
      +true
      
      at Context.<anonymous> (tests\unit\controllers\notes.controller.test.js:153:47)

  10) Auth Service
       register()
         should register a new user and return token:
     Error: Email domain is invalid or cannot receive mail
      at register (src\services\auth.service.js:32:11)
      at async Context.<anonymous> (tests\unit\services\auth.service.test.js:21:22)

  11) Auth Service
       register()
         should throw 409 if email already exists:
     Error: Email domain is invalid or cannot receive mail
      at register (src\services\auth.service.js:32:11)
      at async Context.<anonymous> (tests\unit\services\auth.service.test.js:33:7)

  12) Auth Service
       register()
         should throw 400 for weak password:
     AssertionError: expected 'Email domain is invalid or cannot recΓÇª' to include 'Password must be at least 8 characters'
      at Context.<anonymous> (tests\unit\services\auth.service.test.js:49:32)

  13) Auth Service
       login()
         should login with correct credentials:
     Error: Email domain is invalid or cannot receive mail
      at register (src\services\auth.service.js:32:11)
      at async Context.<anonymous> (tests\unit\services\auth.service.test.js:66:7)

  14) Auth Service
       login()
         should throw 401 for wrong password:
     Error: Email domain is invalid or cannot receive mail
      at register (src\services\auth.service.js:32:11)
      at async Context.<anonymous> (tests\unit\services\auth.service.test.js:73:7)

  15) Users Service
       should throw 400 when new password is weak:
     AssertionError: expected 'New password must be at least 8 charaΓÇª' to include 'Password must be at least 8 characters'
      at Context.<anonymous> (tests\unit\services\users.service.test.js:86:30)
      at process.processTicksAndRejections (node:internal/process/task_queues:104:5)



